// Jest Snapshot v1, https://goo.gl/fbAQLP

exports[`Categories route component renders the component as expected 1`] = `
<React.Fragment>
  <AppHeader
    title="Translated[translation:categories]({})"
  />
  <ChooseCategoriesView />
</React.Fragment>
`;
