// Jest Snapshot v1, https://goo.gl/fbAQLP

exports[`Configuration route component renders the component as expected 1`] = `
<React.Fragment>
  <AppHeader
    title="Translated[translation:configuration]({})"
  />
  <ConfigurationView />
</React.Fragment>
`;
