// Jest Snapshot v1, https://goo.gl/fbAQLP

exports[`Connection route component renders the component as expected 1`] = `
<React.Fragment>
  <AppHeader />
  <ConnectionView />
</React.Fragment>
`;
