// Jest Snapshot v1, https://goo.gl/fbAQLP

exports[`Home route component renders the component as expected 1`] = `
<React.Fragment>
  <AppHeader
    headerRight={[Function]}
  />
  <TurnsStatusTableView />
</React.Fragment>
`;
