// Jest Snapshot v1, https://goo.gl/fbAQLP

exports[`Language route component renders the component as expected 1`] = `
<React.Fragment>
  <AppHeader
    title="Translated[translation:language]({})"
  />
  <LanguageViewView />
</React.Fragment>
`;
