// Jest Snapshot v1, https://goo.gl/fbAQLP

exports[`Services route component renders the component as expected 1`] = `
<React.Fragment>
  <AppHeader
    title="Translated[translation:services]({})"
  />
  <ChooseServicesView />
</React.Fragment>
`;
