// Jest Snapshot v1, https://goo.gl/fbAQLP

exports[`LoadingIndicator component renders the component with the provided props as expected 1`] = `
<ActivityIndicator
  animating={true}
  color="#2929cc"
  size="large"
  style={
    {
      "marginBottom": 10,
      "marginTop": 10,
    }
  }
/>
`;
